// Jest Snapshot v1, https://goo.gl/fbAQLP

exports[`Lib Test when builded attach plugin correctly 1`] = `
"<button class=\\"h-button h-button--color-primary h-button--size-small h-button--variant-contained\\" data-testid=\\"example\\">
  <!---->
  <!----><span class=\\"h-button__text\\">Deu Certo</span>
  <!---->
</button>"
`;
