// Vitest Snapshot v1, https://vitest.dev/guide/snapshot.html

exports[`Lib Test > when builded > attach plugin correctly 1`] = `
"<button class="h-button h-button--color-default h-button--size-small h-button--variant-contained" data-testid="example">
  <!---->
  <!----><span class="h-button__text">Event</span>
  <!---->
</button>"
`;
