// Vitest Snapshot v1, https://vitest.dev/guide/snapshot.html

exports[`HCard > render correctly with default props 1`] = `"<div class="h-card h-card--color-default h-card--variant-default h-card--elevation-medium h-card--behavior-rounded">My first test</div>"`;
